Windows PowerShell
Copyright (C) Microsoft Corporation. All rights reserved.

Install the latest PowerShell for new features and improvements! https://aka.ms/PSWindows

PS C:\WINDOWS\system32> manage-bde -protectors -disable C:
BitLocker Drive Encryption: Configuration Tool version 10.0.26100
Copyright (C) 2013 Microsoft Corporation. All rights reserved.

Key protectors are disabled for volume C:.
PS C:\WINDOWS\system32> cd "C:\Users\NursingIT\Desktop\SupportBIOS"
PS C:\Users\NursingIT\Desktop\SupportBIOS> .\"SupportAssistBIOS.ps1"
.\SupportAssistBIOS.ps1 : File C:\Users\NursingIT\Desktop\SupportBIOS\SupportAssistBIOS.ps1 cannot be loaded. The file
C:\Users\NursingIT\Desktop\SupportBIOS\SupportAssistBIOS.ps1 is not digitally signed. You cannot run this script on
the current system. For more information about running scripts and setting execution policy, see
about_Execution_Policies at https:/go.microsoft.com/fwlink/?LinkID=135170.
At line:1 char:1
+ .\"SupportAssistBIOS.ps1"
+ ~~~~~~~~~~~~~~~~~~~~~~~~~
    + CategoryInfo          : SecurityError: (:) [], PSSecurityException
    + FullyQualifiedErrorId : UnauthorizedAccess
PS C:\Users\NursingIT\Desktop\SupportBIOS> Set-ExecutionPolicy -Scope Process -ExecutionPolicy Bypass -Force
PS C:\Users\NursingIT\Desktop\SupportBIOS> .\"SupportAssistBIOS.ps1"
Running script from: C:\Users\NursingIT\Desktop\SupportBIOS
Enter BIOS Setup Password to Continue: ****************

[INFO] Current BIOS version: 1.39.0

[INFO] Running Dell Command | Update...

[INFO] BIOS version after update: 1.39.0

[INFO] DCU Exit Code: 102
[WARNING] No log file generated.

[INFO] Script completed. Press Enter to close.:

PS C:\Users\NursingIT\Desktop\SupportBIOS>







Getting the list of all ETL files...

Please wait for all of conversions to complete...


================ Results from WULog_0 ================

Input
----------------
File(s):
     C:\WINDOWS\logs\WindowsUpdate\WindowsUpdate.20250624.100922.478.2.etl
     C:\WINDOWS\logs\WindowsUpdate\WindowsUpdate.20250624.102724.871.1.etl
     C:\WINDOWS\logs\WindowsUpdate\WindowsUpdate.20250624.114122.054.1.etl
     C:\WINDOWS\logs\WindowsUpdate\WindowsUpdate.20250624.124222.065.1.etl
     C:\WINDOWS\logs\WindowsUpdate\WindowsUpdate.20250624.134321.455.1.etl
     C:\WINDOWS\logs\WindowsUpdate\WindowsUpdate.20250624.142724.964.1.etl
     C:\WINDOWS\logs\WindowsUpdate\WindowsUpdate.20250624.144421.951.1.etl
     C:\WINDOWS\logs\WindowsUpdate\WindowsUpdate.20250624.154521.930.1.etl
     C:\WINDOWS\logs\WindowsUpdate\WindowsUpdate.20250624.163539.079.1.etl
     C:\WINDOWS\logs\WindowsUpdate\WindowsUpdate.20250624.163539.079.2.etl

100.00%

Output
----------------
DumpFile:           C:\Users\NURSIN~1\AppData\Local\Temp\WindowsUpdateLog\wuetl.XML.tmp.56e8cafe-ff3f-48d2-92a9-54fafa3c31c3.00000
Warning:
Some events do not match the schema.
Please rerun the command with -lr to get less restricted XML dump
The command completed successfully.

==================================================


================ Results from WULog_1 ================

Input
----------------
File(s):
     C:\WINDOWS\logs\WindowsUpdate\WindowsUpdate.20250624.164623.877.1.etl
     C:\WINDOWS\logs\WindowsUpdate\WindowsUpdate.20250625.061958.567.1.etl
     C:\WINDOWS\logs\WindowsUpdate\WindowsUpdate.20250625.061958.567.2.etl
     C:\WINDOWS\logs\WindowsUpdate\WindowsUpdate.20250625.061958.567.3.etl
     C:\WINDOWS\logs\WindowsUpdate\WindowsUpdate.20250625.061958.567.4.etl
     C:\WINDOWS\logs\WindowsUpdate\WindowsUpdate.20250625.061958.567.5.etl
     C:\WINDOWS\logs\WindowsUpdate\WindowsUpdate.20250625.061958.567.6.etl
     C:\WINDOWS\logs\WindowsUpdate\WindowsUpdate.20250625.061958.567.7.etl
     C:\WINDOWS\logs\WindowsUpdate\WindowsUpdate.20250625.061958.567.8.etl
     C:\WINDOWS\logs\WindowsUpdate\WindowsUpdate.20250625.061958.567.9.etl

100.00%

Output
----------------
DumpFile:           C:\Users\NURSIN~1\AppData\Local\Temp\WindowsUpdateLog\wuetl.XML.tmp.56e8cafe-ff3f-48d2-92a9-54fafa3c31c3.00001
Warning:
Some events do not match the schema.
Please rerun the command with -lr to get less restricted XML dump
The command completed successfully.

==================================================


================ Results from WULog_2 ================

Input
----------------
File(s):
     C:\WINDOWS\logs\WindowsUpdate\WindowsUpdate.20250625.061958.567.10.etl
     C:\WINDOWS\logs\WindowsUpdate\WindowsUpdate.20250625.061958.567.11.etl
     C:\WINDOWS\logs\WindowsUpdate\WindowsUpdate.20250625.061958.567.12.etl
     C:\WINDOWS\logs\WindowsUpdate\WindowsUpdate.20250625.061958.567.13.etl
     C:\WINDOWS\logs\WindowsUpdate\WindowsUpdate.20250625.061958.567.14.etl
     C:\WINDOWS\logs\WindowsUpdate\WindowsUpdate.20250625.061958.567.15.etl
     C:\WINDOWS\logs\WindowsUpdate\WindowsUpdate.20250625.061958.567.16.etl
     C:\WINDOWS\logs\WindowsUpdate\WindowsUpdate.20250625.061958.567.17.etl
     C:\WINDOWS\logs\WindowsUpdate\WindowsUpdate.20250625.061958.567.18.etl
     C:\WINDOWS\logs\WindowsUpdate\WindowsUpdate.20250625.061958.567.19.etl

100.00%

Output
----------------
DumpFile:           C:\Users\NURSIN~1\AppData\Local\Temp\WindowsUpdateLog\wuetl.XML.tmp.56e8cafe-ff3f-48d2-92a9-54fafa3c31c3.00002
Warning:
Some events do not match the schema.
Please rerun the command with -lr to get less restricted XML dump
The command completed successfully.

==================================================


================ Results from WULog_3 ================

Input
----------------
File(s):
     C:\WINDOWS\logs\WindowsUpdate\WindowsUpdate.20250625.061958.567.20.etl
     C:\WINDOWS\logs\WindowsUpdate\WindowsUpdate.20250625.061958.567.21.etl
     C:\WINDOWS\logs\WindowsUpdate\WindowsUpdate.20250625.061958.567.22.etl
     C:\WINDOWS\logs\WindowsUpdate\WindowsUpdate.20250625.061958.567.23.etl
     C:\WINDOWS\logs\WindowsUpdate\WindowsUpdate.20250625.061958.567.24.etl
     C:\WINDOWS\logs\WindowsUpdate\WindowsUpdate.20250625.061958.567.25.etl
     C:\WINDOWS\logs\WindowsUpdate\WindowsUpdate.20250625.061958.567.26.etl
     C:\WINDOWS\logs\WindowsUpdate\WindowsUpdate.20250625.061958.567.27.etl
     C:\WINDOWS\logs\WindowsUpdate\WindowsUpdate.20250625.061958.567.28.etl
     C:\WINDOWS\logs\WindowsUpdate\WindowsUpdate.20250625.061958.567.29.etl

100.00%

Output
----------------
DumpFile:           C:\Users\NURSIN~1\AppData\Local\Temp\WindowsUpdateLog\wuetl.XML.tmp.56e8cafe-ff3f-48d2-92a9-54fafa3c31c3.00003
Warning:
Some events do not match the schema.
Please rerun the command with -lr to get less restricted XML dump
The command completed successfully.

==================================================


================ Results from WULog_4 ================

Input
----------------
File(s):
     C:\WINDOWS\logs\WindowsUpdate\WindowsUpdate.20250625.061958.567.30.etl
     C:\WINDOWS\logs\WindowsUpdate\WindowsUpdate.20250625.061958.567.31.etl
     C:\WINDOWS\logs\WindowsUpdate\WindowsUpdate.20250625.061958.567.32.etl
     C:\WINDOWS\logs\WindowsUpdate\WindowsUpdate.20250625.061958.567.33.etl
     C:\WINDOWS\logs\WindowsUpdate\WindowsUpdate.20250625.061958.567.34.etl
     C:\WINDOWS\logs\WindowsUpdate\WindowsUpdate.20250630.112151.088.1.etl
     C:\WINDOWS\logs\WindowsUpdate\WindowsUpdate.20250630.112151.088.2.etl
     C:\WINDOWS\logs\WindowsUpdate\WindowsUpdate.20250630.114150.186.1.etl
     C:\WINDOWS\logs\WindowsUpdate\WindowsUpdate.20250630.120521.953.1.etl
     C:\WINDOWS\logs\WindowsUpdate\WindowsUpdate.20250630.122716.322.1.etl

100.00%

Output
----------------
DumpFile:           C:\Users\NURSIN~1\AppData\Local\Temp\WindowsUpdateLog\wuetl.XML.tmp.56e8cafe-ff3f-48d2-92a9-54fafa3c31c3.00004
Warning:
Some events do not match the schema.
Please rerun the command with -lr to get less restricted XML dump
The command completed successfully.

==================================================


================ Results from WULog_5 ================

Input
----------------
File(s):
     C:\WINDOWS\logs\WindowsUpdate\WindowsUpdate.20250701.100354.087.1.etl
     C:\WINDOWS\logs\WindowsUpdate\WindowsUpdate.20250701.100354.087.2.etl
     C:\WINDOWS\logs\WindowsUpdate\WindowsUpdate.20250701.100354.087.3.etl
     C:\WINDOWS\logs\WindowsUpdate\WindowsUpdate.20250701.100354.087.4.etl
     C:\WINDOWS\logs\WindowsUpdate\WindowsUpdate.20250701.100354.087.5.etl
     C:\WINDOWS\logs\WindowsUpdate\WindowsUpdate.20250701.100354.087.6.etl
     C:\WINDOWS\logs\WindowsUpdate\WindowsUpdate.20250701.100354.087.7.etl
     C:\WINDOWS\logs\WindowsUpdate\WindowsUpdate.20250701.100354.087.8.etl
     C:\WINDOWS\logs\WindowsUpdate\WindowsUpdate.20250701.100354.087.9.etl
     C:\WINDOWS\logs\WindowsUpdate\WindowsUpdate.20250701.100354.087.10.etl

100.00%

Output
----------------
DumpFile:           C:\Users\NURSIN~1\AppData\Local\Temp\WindowsUpdateLog\wuetl.XML.tmp.56e8cafe-ff3f-48d2-92a9-54fafa3c31c3.00005
Warning:
Some events do not match the schema.
Please rerun the command with -lr to get less restricted XML dump
The command completed successfully.

==================================================


================ Results from WULog_6 ================

Input
----------------
File(s):
     C:\WINDOWS\logs\WindowsUpdate\WindowsUpdate.20250701.100354.087.11.etl
     C:\WINDOWS\logs\WindowsUpdate\WindowsUpdate.20250701.100354.087.12.etl
     C:\WINDOWS\logs\WindowsUpdate\WindowsUpdate.20250701.100354.087.13.etl
     C:\WINDOWS\logs\WindowsUpdate\WindowsUpdate.20250701.100354.087.14.etl
     C:\WINDOWS\logs\WindowsUpdate\WindowsUpdate.20250701.100354.087.15.etl
     C:\WINDOWS\logs\WindowsUpdate\WindowsUpdate.20250701.100354.087.16.etl
     C:\WINDOWS\logs\WindowsUpdate\WindowsUpdate.20250701.100354.087.17.etl
     C:\WINDOWS\logs\WindowsUpdate\WindowsUpdate.20250701.100354.087.18.etl
     C:\WINDOWS\logs\WindowsUpdate\WindowsUpdate.20250701.100354.087.19.etl
     C:\WINDOWS\logs\WindowsUpdate\WindowsUpdate.20250701.100354.087.20.etl

100.00%

Output
----------------
DumpFile:           C:\Users\NURSIN~1\AppData\Local\Temp\WindowsUpdateLog\wuetl.XML.tmp.56e8cafe-ff3f-48d2-92a9-54fafa3c31c3.00006
Warning:
Some events do not match the schema.
Please rerun the command with -lr to get less restricted XML dump
The command completed successfully.

==================================================


================ Results from WULog_7 ================

Input
----------------
File(s):
     C:\WINDOWS\logs\WindowsUpdate\WindowsUpdate.20250701.100354.087.21.etl
     C:\WINDOWS\logs\WindowsUpdate\WindowsUpdate.20250701.100354.087.22.etl
     C:\WINDOWS\logs\WindowsUpdate\WindowsUpdate.20250701.100354.087.23.etl
     C:\WINDOWS\logs\WindowsUpdate\WindowsUpdate.20250701.100354.087.24.etl
     C:\WINDOWS\logs\WindowsUpdate\WindowsUpdate.20250701.100354.087.25.etl
     C:\WINDOWS\logs\WindowsUpdate\WindowsUpdate.20250701.100354.087.26.etl
     C:\WINDOWS\logs\WindowsUpdate\WindowsUpdate.20250701.100354.087.27.etl
     C:\WINDOWS\logs\WindowsUpdate\WindowsUpdate.20250701.100354.087.28.etl
     C:\WINDOWS\logs\WindowsUpdate\WindowsUpdate.20250701.100354.087.29.etl
     C:\WINDOWS\logs\WindowsUpdate\WindowsUpdate.20250701.100354.087.30.etl

100.00%

Output
----------------
DumpFile:           C:\Users\NURSIN~1\AppData\Local\Temp\WindowsUpdateLog\wuetl.XML.tmp.56e8cafe-ff3f-48d2-92a9-54fafa3c31c3.00007
Warning:
Some events do not match the schema.
Please rerun the command with -lr to get less restricted XML dump
The command completed successfully.

==================================================


================ Results from WULog_8 ================

Input
----------------
File(s):
     C:\WINDOWS\logs\WindowsUpdate\WindowsUpdate.20250701.100354.087.31.etl
     C:\WINDOWS\logs\WindowsUpdate\WindowsUpdate.20250701.105930.096.1.etl
     C:\WINDOWS\logs\WindowsUpdate\WindowsUpdate.20250701.110124.626.1.etl
     C:\WINDOWS\logs\WindowsUpdate\WindowsUpdate.20250701.113144.383.1.etl

100.00%

Output
----------------
DumpFile:           C:\Users\NURSIN~1\AppData\Local\Temp\WindowsUpdateLog\wuetl.XML.tmp.56e8cafe-ff3f-48d2-92a9-54fafa3c31c3.00008
Warning:
Some events do not match the schema.
Please rerun the command with -lr to get less restricted XML dump
The command completed successfully.

==================================================


WindowsUpdate.log written to C:\Users\NursingIT\Desktop\WindowsUpdate.log








Type "manage-bde -?" for usage.
PS C:\WINDOWS\system32> manage-bde -status
BitLocker Drive Encryption: Configuration Tool version 10.0.26100
Copyright (C) 2013 Microsoft Corporation. All rights reserved.

Disk volumes that can be protected with
BitLocker Drive Encryption:
Volume C: [Windows]
[OS Volume]

    Size:                 943.72 GB
    BitLocker Version:    2.0
    Conversion Status:    Fully Encrypted
    Percentage Encrypted: 100.0%
    Encryption Method:    XTS-AES 128
    Protection Status:    Protection On
    Lock Status:          Unlocked
    Identification Field: Unknown
    Key Protectors:
        TPM
        Numerical Password

PS C:\WINDOWS\system32>






Windows PowerShell
Copyright (C) Microsoft Corporation. All rights reserved.

Install the latest PowerShell for new features and improvements! https://aka.ms/PSWindows

Running script from: C:\Users\NursingIT\Desktop\SupportBIOS
Enter BIOS Setup Password to Continue: ****************

[INFO] Current BIOS version: 1.39.0

[INFO] Running Dell Command | Update...

[INFO] BIOS version after update: 1.39.0

[INFO] DCU Exit Code: 102
[WARNING] No log file generated.

[INFO] Script completed. Press Enter to close.:





Windows PowerShell
Copyright (C) Microsoft Corporation. All rights reserved.

Install the latest PowerShell for new features and improvements! https://aka.ms/PSWindows

Running script from: C:\Users\NursingIT\Desktop\SupportBIOS
Enter BIOS Setup Password to Continue: ****************

[INFO] Dell Command | Update CLI not found. Installing...
[ERROR] Dell Command | Update installer not found at: C:\Users\NursingIT\Desktop\SupportBIOS\Dell-Command-Update-Application.exe

Press Enter to close.:

PS C:\WINDOWS\system32>










Set-ExecutionPolicy -Scope Process -ExecutionPolicy Bypass -Force



"1NURSIT4all!temp" | ConvertTo-SecureString -AsPlainText -Force | Export-Clixml -Path "$PSScriptRoot\Secure_pwd.xml"





$biosPassword = "1NURSIT4all!temp"
$dcuPath = "C:\Program Files (x86)\Dell\CommandUpdate\dcu-cli.exe"
$installerUrl = "https://downloads.dell.com/FOLDER10826275M/1/DCU-CLI-Setup_4.8.0.421_A00.exe"
$installerFile = "$env:TEMP\DellCommandUpdateCLI.exe"

# Step 1: Check if dcu-cli.exe exists
if (-Not (Test-Path $dcuPath)) {
    Write-Host "Dell Command | Update CLI not found. Downloading..."
    Invoke-WebRequest -Uri $installerUrl -OutFile $installerFile

    Write-Host "Installing Dell Command | Update CLI silently..."
    Start-Process -FilePath $installerFile -ArgumentList "/s" -Wait
}
else {
    Write-Host "Dell Command | Update CLI is already installed."
}

# Step 2: Run the BIOS update with password
if (Test-Path $dcuPath) {
    Write-Host "Running BIOS update..."
    Start-Process -FilePath $dcuPath `
        -ArgumentList "/applyUpdates", "/reboot=enable", "/biospassword=$biosPassword" `
        -Wait
    Write-Host "BIOS update command initiated. The system may reboot if an update is applied."
}
else {
    Write-Host "Failed to find or install Dell Command | Update CLI."
}







Get-ChildItem "C:\Program Files (x86)\Dell\CommandUpdate\dcu-cli.exe"


>> Write-Host "BIOS update process started. Reboot will be required if successful."
Detected Dell Model: Latitude 7400
Invoke-WebRequest : Server Error
404 - File or directory not found.
The resource you are looking for might have been removed, had its name changed, or is temporarily unavailable.
At line:16 char:1
+ Invoke-WebRequest -Uri $biosDownloadUrl -OutFile $installerPath
+ ~~~~~~~~~~~~~~~~~~~~~~~~~~~~~~~~~~~~~~~~~~~~~~~~~~~~~~~~~~~~~~~
    + CategoryInfo          : InvalidOperation: (System.Net.HttpWebRequest:HttpWebRequest) [Invoke-WebRequest], WebExc
   eption
    + FullyQualifiedErrorId : WebCmdletWebResponseException,Microsoft.PowerShell.Commands.InvokeWebRequestCommand
Start-Process : This command cannot be run due to the error: The system cannot find the file specified.
At line:19 char:1
+ Start-Process -FilePath $installerPath -ArgumentList "/s", "/p=$biosP ...
+ ~~~~~~~~~~~~~~~~~~~~~~~~~~~~~~~~~~~~~~~~~~~~~~~~~~~~~~~~~~~~~~~~~~~~~
    + CategoryInfo          : InvalidOperation: (:) [Start-Process], InvalidOperationException
    + FullyQualifiedErrorId : InvalidOperationException,Microsoft.PowerShell.Commands.StartProcessCommand

BIOS update process started. Reboot will be required if successful.
PS C:\WINDOWS\system32>


# Set BIOS Password
$biosPassword = "1NURSIT4all!temp"

# Get system model
$systemModel = (Get-CimInstance -ClassName Win32_ComputerSystem).Model
Write-Host "Detected Dell Model: $systemModel"

# Dell Support site URL for BIOS updates (manual mapping or endpoint logic)
# Example link – should be dynamically mapped in a robust version
$biosDownloadUrl = "https://downloads.dell.com/FOLDER09876543M/1/Latitude_5530_1.25.0.exe"

# Save location
$installerPath = "$env:TEMP\BIOSUpdate.exe"

# Download BIOS update
Invoke-WebRequest -Uri $biosDownloadUrl -OutFile $installerPath

# Run BIOS update with password
Start-Process -FilePath $installerPath -ArgumentList "/s", "/p=$biosPassword" -Wait

Write-Host "BIOS update process started. Reboot will be required if successful."


PS C:\WINDOWS\system32> cctk --setuppwd=1NURSIT4all!temp
cctk : The term 'cctk' is not recognized as the name of a cmdlet, function, script file, or operable program. Check
the spelling of the name, or if a path was included, verify that the path is correct and try again.
At line:1 char:1
+ cctk --setuppwd=1NURSIT4all!temp
+ ~~~~
    + CategoryInfo          : ObjectNotFound: (cctk:String) [], CommandNotFoundException
    + FullyQualifiedErrorId : CommandNotFoundException
